

================================================================
== Synthesis Summary Report of 'shift_pattern_gen_top'
================================================================
+ General Information: 
    * Date:           Sat Feb 24 10:59:52 2024
    * Version:        2022.2 (Build 3670227 on Oct 13 2022)
    * Project:        pattern_gen_frm
    * Solution:       solution1 (Vivado IP Flow Target)
    * Product family: virtexuplus
    * Target device:  xcvu19p_CIV-fsva3824-2-e
    

+ Performance & Resource Estimates: 
    
    PS: '+' for module; 'o' for loop; '*' for dataflow
    +---------------------------------------------------+------+------+---------+-----------+----------+---------+------+----------+------+----+----------+-----------+-----+
    |                      Modules                      | Issue|      | Latency |  Latency  | Iteration|         | Trip |          |      |    |          |           |     |
    |                      & Loops                      | Type | Slack| (cycles)|    (ns)   |  Latency | Interval| Count| Pipelined| BRAM | DSP|    FF    |    LUT    | URAM|
    +---------------------------------------------------+------+------+---------+-----------+----------+---------+------+----------+------+----+----------+-----------+-----+
    |+ shift_pattern_gen_top                            |     -|  6.02|      105|  1.050e+03|         -|      106|     -|        no|     -|   -|  31 (~0%)|  178 (~0%)|    -|
    | + shift_pattern_gen_top_Pipeline_VITIS_LOOP_76_1  |     -|  6.02|       52|    520.000|         -|       52|     -|        no|     -|   -|  14 (~0%)|   84 (~0%)|    -|
    |  o VITIS_LOOP_76_1                                |     -|  7.30|       50|    500.000|         1|        1|    50|       yes|     -|   -|         -|          -|    -|
    | + shift_pattern_gen_top_Pipeline_VITIS_LOOP_31_1  |     -|  6.21|       50|    500.000|         -|       50|     -|        no|     -|   -|  11 (~0%)|   68 (~0%)|    -|
    |  o VITIS_LOOP_31_1                                |     -|  7.30|       48|    480.000|         1|        1|    48|       yes|     -|   -|         -|          -|    -|
    +---------------------------------------------------+------+------+---------+-----------+----------+---------+------+----------+------+----+----------+-----------+-----+


================================================================
== HW Interfaces
================================================================
* Other Ports
+-------------+---------+----------+
| Interface   | Mode    | Bitwidth |
+-------------+---------+----------+
| first_value | ap_none | 3        |
| top_led_o   | ap_none | 3        |
+-------------+---------+----------+

* TOP LEVEL CONTROL
+-----------+--------------+--------+
| Interface | Type         | Ports  |
+-----------+--------------+--------+
| ap_clk    | clock        | ap_clk |
| ap_rst    | reset        | ap_rst |
| ap_ctrl   | ap_ctrl_none |        |
+-----------+--------------+--------+


================================================================
== SW I/O Information
================================================================
* Top Function Arguments
+-------------+-----------+-------------------------------------+
| Argument    | Direction | Datatype                            |
+-------------+-----------+-------------------------------------+
| top_led_o   | out       | ap_fixed<3, 3, AP_TRN, AP_WRAP, 0>* |
| first_value | in        | ap_fixed<3, 3, AP_TRN, AP_WRAP, 0>  |
+-------------+-----------+-------------------------------------+

* SW-to-HW Mapping
+-------------+--------------+---------+
| Argument    | HW Interface | HW Type |
+-------------+--------------+---------+
| top_led_o   | top_led_o    | port    |
| first_value | first_value  | port    |
+-------------+--------------+---------+


================================================================
== Bind Op Report
================================================================
+---------------------------------------------------+-----+--------+----------+-----+--------+---------+
| Name                                              | DSP | Pragma | Variable | Op  | Impl   | Latency |
+---------------------------------------------------+-----+--------+----------+-----+--------+---------+
| + shift_pattern_gen_top                           | 0   |        |          |     |        |         |
|  + shift_pattern_gen_top_Pipeline_VITIS_LOOP_76_1 | 0   |        |          |     |        |         |
|    i_V_2_fu_84_p2                                 | -   |        | i_V_2    | add | fabric | 0       |
|  + shift_pattern_gen_top_Pipeline_VITIS_LOOP_31_1 | 0   |        |          |     |        |         |
|    i_2_fu_93_p2                                   | -   |        | i_2      | add | fabric | 0       |
+---------------------------------------------------+-----+--------+----------+-----+--------+---------+


================================================================
== Bind Storage Report
================================================================
  No bind storage info in design

================================================================
== Pragma Report
================================================================
* Valid Pragma Syntax
+-----------+--------------------------+----------------------------------------------------------------+
| Type      | Options                  | Location                                                       |
+-----------+--------------------------+----------------------------------------------------------------+
| interface | ap_ctrl_none port=return | src/shift_pattern.cpp:20 in shift_pattern_gen_top, return      |
| interface | ap_none port=top_led_o   | src/shift_pattern.cpp:21 in shift_pattern_gen_top, top_led_o   |
| interface | ap_none port=first_value | src/shift_pattern.cpp:22 in shift_pattern_gen_top, first_value |
| interface | ap_ctrl_none port=return | src/shift_pattern.cpp:67 in shift_pattern_gen, return          |
| interface | ap_none port=led_i       | src/shift_pattern.cpp:68 in shift_pattern_gen, led_i           |
| interface | ap_none port=led_o       | src/shift_pattern.cpp:69 in shift_pattern_gen, led_o           |
+-----------+--------------------------+----------------------------------------------------------------+


